Statik sunucu: http://127.0.0.1:49677 · taban pencere 240000ms · üst sınır 900000ms · hız 2×
  pencere: 900 sn · 2 maç · ÖRNEKLEM YETERSİZ: M9 uzun ribaundu (payda)
  örneklem: m9 19/40 · and1 2/2 · hucumReb 20/5 · ft 19/12 · tasima 107/20 · sokma 70/40 · ftDrib 47/6 · sema 7/3 · sirtDonuk 1310/200 · perde 75/3 · yaySmac 10/3 · yayUzak 78/5 · yayFloat 16/3 · yayTurnike 22/5

══ CANLI SUNUM DAVRANIŞ DENETİMİ ══
  ribaund olayı: 32 (uzun aldı: 12) · and-1: 2 · hücum ribaundu: 20
  motor kararı: taşıyıcı uzun olan pozisyon 154, outlet kurulan 154 · outlet hedefi guard olan 179 · hedef rol dağılımı {"0":121,"1":58}
  ✓ M9  Ribaund sonrası çıkış (outlet) pası
       uzun ribaundu 12 kez aldı ve hücum kuruldu → 11 kez topu guard'a çıkardı (%92, hedef ≥ %80) · kapsam dışı vaka: 20 · kaçanlarda sonraki taşıyıcının rolü: {"2":1}
  ✓ M12  AND-1 ek serbest atışı canlandırılıyor
       2 and-1 · ek atış sahnesi kurulan: 2 · şutör çizgide+top elinde görülen: 1
  ✓ M14  Hücum ribaundunda şut saati 14 · gösterge boşalmıyor
       hücum ribaundu 20, saat 14'e döndü: 20 · gösterge boş kare: 0/47617
  ✓ F14-7  Serbest atışta oyuncular yerleşiyor
       19 seri · atış anında yerinde 9.3/10 (hedef ≥ 9) · ortalama uzaklık 0.07 m · en uzak 1.35 m · jeton hızı 6 px/sn (hedef < 15)
  ✓ F19-4  Akış damgası tabelayla aynı yönde (kalan süre)
       tabela 5:09 · akış "1P 5:09" · damga farkı 0 sn (hedef |fark| ≤ 24, ikisi de geriye sayıyor)
  ✓ F25-1  Orta sahayı geçen topu 1/2/3 taşıyor
       107 taşıma · %99.1 rol 0/1/2 (hedef ≥ %85)
  ✓ F25-2  Set hücumunda donma yok (jeton 1,5 sn+ yerinde çakılı kalmıyor)
       donma olayı 0
  ✓ F25-3  Kenardan sokmada takım yakın duruyor
       70 sokma · ortalama 6.8 m (≤15) · 3+ yakın %99 · 25 m+ ilk pas 0/70
  ✓ F25-4  Serbest atışta sektirme 1-3
       47 atış rutini · sektirme 1-3
  ✓ F25-5  Şemalar farklı yörünge üretiyor
       spotup: boya %26 · yay %56 | postup: boya %25 · yay %64 | pnr: boya %28 · yay %51 | cut: boya %27 · yay %53 | putback: boya %5 · yay %63 | transition: boya %21 · yay %65 | iso: boya %29 · yay %57 → fark boya 23.4 puan · yay 13.4 puan
  ✓ F25-6a  Post oyununda hücumcunun yönü potaya ters
       1310 kare · %99 sırtı potaya dönük (hedef ≥ %80)
  ✓ F25-6b  Perdenin üç aşaması da görülüyor
       evreler [1,2,3] · 75 damga · devrilme 17 roll / 8 pop
  şut yörüngesi: uc tepe 107.3px (67) · turnike tepe 47.8px (22) · floater tepe 96.8px (16) · jumper tepe 94.2px (11) · smac tepe 34.4px (10) · kanca tepe 97.1px (3) · tipin tepe 38.3px (1)
  ✓ F26-1  Şut tipi yörüngeye yansıyor (smaç alçak, uzak şut yüksek)
       smaç tepe 34.4px (10) < uc tepe 107.3px (67) · hedef smaç < %70
  ✓ F26-2  Floater turnikeden belirgin yüksek kavis çiziyor
       floater 96.8px (16) > turnike 47.8px (22) · hedef ≥ 1,4×
  ✓ F28-1  Maç öncesi her iki istatistik tablosunda rakip adı yazıyor
       maç içi tablo "Sunum Denetimi" / "Málaga Metropolitans" · özet kutu "Sunum Denetimi" / "Málaga Metropolitans" · fikstür "Málaga Metropolitans"
  ✓ F26-3  Maç öncesi tabelada rakibin adı yazıyor
       tabela "Sunum Denetimi" vs "Málaga Metropolitans" · fikstürdeki rakip "Málaga Metropolitans" · durum "BEKLEMEDE"
  konsol hatası: 0 

✓ tüm sunum maddeleri doğrulandı
