Statik sunucu: http://127.0.0.1:56162 · taban pencere 240000ms · üst sınır 900000ms · hız 2×
  pencere: 900 sn · 2 maç · ÖRNEKLEM YETERSİZ: M9 uzun ribaundu (payda)
  örneklem: m9 11/40 · and1 6/2 · hucumReb 20/5 · ft 22/12 · tasima 120/20 · sokma 81/40 · ftDrib 39/6 · sema 8/3 · sirtDonuk 2372/200 · perde 60/3 · yaySmac 8/3 · yayUzak 68/5 · yayFloat 17/3 · yayTurnike 38/5

══ CANLI SUNUM DAVRANIŞ DENETİMİ ══
  ribaund olayı: 27 (uzun aldı: 7) · and-1: 6 · hücum ribaundu: 20
  motor kararı: taşıyıcı uzun olan pozisyon 129, outlet kurulan 126 · outlet hedefi guard olan 140 · hedef rol dağılımı {"0":105,"1":35}
  ✗ M9  Ribaund sonrası çıkış (outlet) pası
       uzun ribaundu 7 kez aldı ve hücum kuruldu → 5 kez topu guard'a çıkardı (%71, hedef ≥ %80) · kapsam dışı vaka: 20 · kaçanlarda sonraki taşıyıcının rolü: {"2":2}
  ✓ M12  AND-1 ek serbest atışı canlandırılıyor
       6 and-1 · ek atış sahnesi kurulan: 6 · şutör çizgide+top elinde görülen: 4
  ✓ M14  Hücum ribaundunda şut saati 14 · gösterge boşalmıyor
       hücum ribaundu 20, saat 14'e döndü: 20 · gösterge boş kare: 0/46741
  ✓ F14-7  Serbest atışta oyuncular yerleşiyor
       22 seri · atış anında yerinde 9.7/10 (hedef ≥ 9) · ortalama uzaklık 0.03 m · en uzak 0.73 m · jeton hızı 4 px/sn (hedef < 15)
  ✓ F19-4  Akış damgası tabelayla aynı yönde (kalan süre)
       tabela 7:00 · akış "1P 6:59" · damga farkı -1 sn (hedef |fark| ≤ 24, ikisi de geriye sayıyor)
  ✓ F25-1  Orta sahayı geçen topu 1/2/3 taşıyor
       120 taşıma · %99.2 rol 0/1/2 (hedef ≥ %85)
  ✓ F25-2  Set hücumunda donma yok (jeton 1,5 sn+ yerinde çakılı kalmıyor)
       donma olayı 0
  ✓ F25-3  Kenardan sokmada takım yakın duruyor
       81 sokma · ortalama 6.7 m (≤15) · 3+ yakın %100 · 25 m+ ilk pas 0/80
  ✓ F25-4  Serbest atışta sektirme 1-3
       39 atış rutini · sektirme 1-3
  ✓ F25-5  Şemalar farklı yörünge üretiyor
       diger: boya %16 · yay %71 | postup: boya %22 · yay %64 | pnr: boya %29 · yay %51 | spotup: boya %28 · yay %53 | cut: boya %29 · yay %50 | transition: boya %24 · yay %56 | iso: boya %31 · yay %50 | putback: boya %29 · yay %28 → fark boya 14.8 puan · yay 42.9 puan
  ✓ F25-6a  Post oyununda hücumcunun yönü potaya ters
       2372 kare · %100 sırtı potaya dönük (hedef ≥ %80)
  ✓ F25-6b  Perdenin üç aşaması da görülüyor
       evreler [1,2,3] · 60 damga · devrilme 16 roll / 4 pop
  şut yörüngesi: uc tepe 107.1px (44) · turnike tepe 49.6px (38) · jumper tepe 92.8px (24) · floater tepe 93.6px (17) · smac tepe 34.5px (8) · tipin tepe 38.3px (8) · kanca tepe 96.9px (5)
  ✓ F26-1  Şut tipi yörüngeye yansıyor (smaç alçak, uzak şut yüksek)
       smaç tepe 34.5px (8) < uc tepe 107.1px (44) · hedef smaç < %70
  ✓ F26-2  Floater turnikeden belirgin yüksek kavis çiziyor
       floater 93.6px (17) > turnike 49.6px (38) · hedef ≥ 1,4×
  ✓ F28-1  Maç öncesi her iki istatistik tablosunda rakip adı yazıyor
       maç içi tablo "Sunum Denetimi" / "Kazan Yıldızları" · özet kutu "Sunum Denetimi" / "Kazan Yıldızları" · fikstür "Kazan Yıldızları"
  ✓ F26-3  Maç öncesi tabelada rakibin adı yazıyor
       tabela "Sunum Denetimi" vs "Kazan Yıldızları" · fikstürdeki rakip "Kazan Yıldızları" · durum "BEKLEMEDE"
  konsol hatası: 0 

✗ DÜŞEN: M9
