
CANLI ANLATIM (EN): 42 satır · Türkçe kalan 0 (%0.0) · hedef < %5
KAPSAM: 22 ekran · 46583 metin düğümü tarandı
  login:282 · setup:325 · tutorial:1230 · sayfa:dashboard:1234 · sayfa:takim:1266 · sayfa:kadro:1266 · sayfa:mac:1306 · sayfa:lig:1306 · sayfa:market:2298 · sayfa:altyapi:2481 · sayfa:antrenman:2682 · sayfa:arena:2709 · sayfa:bilanco:2726 · sayfa:analiz:2762 · modal:ayarlar:2796 · modal:basarim:2833 · modal:taktik:2904 · modal:ilk5:2813 · modal:oyuncu:2813 · modal:soyunma:2773 · modal:draft:2880 · canli-mac:2898
ÇEVRİLMEMİŞ (benzersiz metin düğümü): 219
  canli-mac :: Durban Atmacaları
  canli-mac :: Kraków Bulls — Siena Doğanları
  canli-mac :: Luanda Metropolitans — Monterrey Doğanları
  canli-mac :: Monterrey Doğanları
  canli-mac :: Siena Doğanları
  canli-mac :: Yerel Esnaf Desteği ·
  canli-mac :: 🇱🇻 Gunārs Lejiņš
  canli-mac :: 🇸🇪 Elmer Öberg
  canli-mac :: 🇹🇷 Nail Çakmak
  canli-mac :: 🇹🇷 Oktay Çevik
  canli-mac :: 🇹🇷 Tolga Özcan
  canli-mac :: 🇹🇷 Türkçe
  canli-mac :: 🏛️ Durban Atmacaları from
  canli-mac :: 📣 Sponsor income — Yerel Esnaf Desteği
  login :: 🇹🇷 Türkçe
  modal:ayarlar :: Durban Atmacaları
  modal:ayarlar :: Kraków Bulls — Siena Doğanları
  modal:ayarlar :: Luanda Metropolitans — Monterrey Doğanları
  modal:ayarlar :: Monterrey Doğanları
  modal:ayarlar :: Siena Doğanları
  modal:ayarlar :: Yerel Esnaf Desteği ·
  modal:ayarlar :: 🇱🇻 Gunārs Lejiņš
  modal:ayarlar :: 🇸🇪 Elmer Öberg
  modal:ayarlar :: 🇹🇷 Oktay Çevik
  modal:ayarlar :: 🇹🇷 Tolga Özcan
  modal:ayarlar :: 🇹🇷 Türkçe
  modal:ayarlar :: 🏛️ Durban Atmacaları from
  modal:ayarlar :: 📣 Sponsor income — Yerel Esnaf Desteği
  modal:basarim :: Durban Atmacaları
  modal:basarim :: Kraków Bulls — Siena Doğanları
  modal:basarim :: Luanda Metropolitans — Monterrey Doğanları
  modal:basarim :: Monterrey Doğanları
  modal:basarim :: Siena Doğanları
  modal:basarim :: Yerel Esnaf Desteği ·
  modal:basarim :: 🇱🇻 Gunārs Lejiņš
  modal:basarim :: 🇸🇪 Elmer Öberg
  modal:basarim :: 🇹🇷 Oktay Çevik
  modal:basarim :: 🇹🇷 Tolga Özcan
  modal:basarim :: 🇹🇷 Türkçe
  modal:basarim :: 🏛️ Durban Atmacaları from
  modal:basarim :: 📣 Sponsor income — Yerel Esnaf Desteği
  modal:draft :: Durban Atmacaları
  modal:draft :: Kraków Bulls — Siena Doğanları
  modal:draft :: Luanda Metropolitans — Monterrey Doğanları
  modal:draft :: Monterrey Doğanları
  modal:draft :: Siena Doğanları
  modal:draft :: Yerel Esnaf Desteği ·
  modal:draft :: 🇱🇻 Gunārs Lejiņš
  modal:draft :: 🇸🇪 Elmer Öberg
  modal:draft :: 🇹🇷 Nail Çakmak
  modal:draft :: 🇹🇷 Oktay Çevik
  modal:draft :: 🇹🇷 Tolga Özcan
  modal:draft :: 🇹🇷 Türkçe
  modal:draft :: 🏛️ Durban Atmacaları from
  modal:draft :: 📣 Sponsor income — Yerel Esnaf Desteği
  modal:ilk5 :: Durban Atmacaları
  modal:ilk5 :: Kraków Bulls — Siena Doğanları
  modal:ilk5 :: Luanda Metropolitans — Monterrey Doğanları
  modal:ilk5 :: Monterrey Doğanları
  modal:ilk5 :: Siena Doğanları
  modal:ilk5 :: Yerel Esnaf Desteği ·
  modal:ilk5 :: 🇱🇻 Gunārs Lejiņš
  modal:ilk5 :: 🇸🇪 Elmer Öberg
  modal:ilk5 :: 🇹🇷 Oktay Çevik
  modal:ilk5 :: 🇹🇷 Tolga Özcan
  modal:ilk5 :: 🇹🇷 Türkçe
  modal:ilk5 :: 🏛️ Durban Atmacaları from
  modal:ilk5 :: 📣 Sponsor income — Yerel Esnaf Desteği
  modal:oyuncu :: Durban Atmacaları
  modal:oyuncu :: Kraków Bulls — Siena Doğanları
  modal:oyuncu :: Luanda Metropolitans — Monterrey Doğanları
  modal:oyuncu :: Monterrey Doğanları
  modal:oyuncu :: Siena Doğanları
  modal:oyuncu :: Yerel Esnaf Desteği ·
  modal:oyuncu :: 🇱🇻 Gunārs Lejiņš
  modal:oyuncu :: 🇸🇪 Elmer Öberg
  modal:oyuncu :: 🇹🇷 Oktay Çevik
  modal:oyuncu :: 🇹🇷 Tolga Özcan
  modal:oyuncu :: 🇹🇷 Türkçe
  modal:oyuncu :: 🏛️ Durban Atmacaları from
  modal:oyuncu :: 📣 Sponsor income — Yerel Esnaf Desteği
  modal:soyunma :: Durban Atmacaları
  modal:soyunma :: Kraków Bulls — Siena Doğanları
  modal:soyunma :: Luanda Metropolitans — Monterrey Doğanları
  modal:soyunma :: Monterrey Doğanları
  modal:soyunma :: Siena Doğanları
  modal:soyunma :: Yerel Esnaf Desteği ·
  modal:soyunma :: 🇱🇻 Gunārs Lejiņš
  modal:soyunma :: 🇸🇪 Elmer Öberg
  modal:soyunma :: 🇹🇷 Oktay Çevik
  modal:soyunma :: 🇹🇷 Tolga Özcan
  modal:soyunma :: 🇹🇷 Türkçe
  modal:soyunma :: 🏛️ Durban Atmacaları from
  modal:soyunma :: 📣 Sponsor income — Yerel Esnaf Desteği
  modal:taktik :: Durban Atmacaları
  modal:taktik :: Kraków Bulls — Siena Doğanları
  modal:taktik :: Luanda Metropolitans — Monterrey Doğanları
  modal:taktik :: Monterrey Doğanları
  modal:taktik :: Siena Doğanları
  modal:taktik :: Yerel Esnaf Desteği ·
  modal:taktik :: 🇱🇻 Gunārs Lejiņš
  modal:taktik :: 🇸🇪 Elmer Öberg
  modal:taktik :: 🇹🇷 Oktay Çevik
  modal:taktik :: 🇹🇷 Tolga Özcan
  modal:taktik :: 🇹🇷 Türkçe
  modal:taktik :: 🏛️ Durban Atmacaları from
  modal:taktik :: 📣 Sponsor income — Yerel Esnaf Desteği
  sayfa:altyapi :: Durban Atmacaları
  sayfa:altyapi :: Kraków Bulls — Siena Doğanları
  sayfa:altyapi :: Luanda Metropolitans — Monterrey Doğanları
  sayfa:altyapi :: Monterrey Doğanları
  sayfa:altyapi :: Siena Doğanları
  sayfa:altyapi :: Yerel Esnaf Desteği ·
  sayfa:altyapi :: 🇱🇻 Gunārs Lejiņš
  sayfa:altyapi :: 🇸🇪 Elmer Öberg
  sayfa:altyapi :: 🇹🇷 Oktay Çevik
  sayfa:altyapi :: 🇹🇷 Tolga Özcan
  sayfa:altyapi :: 🇹🇷 Türkçe
  sayfa:altyapi :: 🏛️ Durban Atmacaları from
  sayfa:analiz :: Durban Atmacaları
  sayfa:analiz :: Kraków Bulls — Siena Doğanları
  sayfa:analiz :: Luanda Metropolitans — Monterrey Doğanları
  sayfa:analiz :: Monterrey Doğanları
  sayfa:analiz :: Siena Doğanları
  sayfa:analiz :: Yerel Esnaf Desteği ·
  sayfa:analiz :: 🇱🇻 Gunārs Lejiņš
  sayfa:analiz :: 🇸🇪 Elmer Öberg
  sayfa:analiz :: 🇹🇷 Oktay Çevik
  sayfa:analiz :: 🇹🇷 Tolga Özcan
  sayfa:analiz :: 🇹🇷 Türkçe
  sayfa:analiz :: 🏛️ Durban Atmacaları from
  sayfa:analiz :: 📣 Sponsor income — Yerel Esnaf Desteği
  sayfa:antrenman :: Durban Atmacaları
  sayfa:antrenman :: Kraków Bulls — Siena Doğanları
  sayfa:antrenman :: Luanda Metropolitans — Monterrey Doğanları
  sayfa:antrenman :: Monterrey Doğanları
  sayfa:antrenman :: Siena Doğanları
  sayfa:antrenman :: Yerel Esnaf Desteği ·
  sayfa:antrenman :: 🇱🇻 Gunārs Lejiņš
  sayfa:antrenman :: 🇸🇪 Elmer Öberg
  sayfa:antrenman :: 🇹🇷 Oktay Çevik
  sayfa:antrenman :: 🇹🇷 Tolga Özcan
  sayfa:antrenman :: 🇹🇷 Türkçe
  sayfa:antrenman :: 🏛️ Durban Atmacaları from
  sayfa:arena :: Durban Atmacaları
  sayfa:arena :: Kraków Bulls — Siena Doğanları
  sayfa:arena :: Luanda Metropolitans — Monterrey Doğanları
  sayfa:arena :: Monterrey Doğanları
  sayfa:arena :: Siena Doğanları
  sayfa:arena :: Yerel Esnaf Desteği ·
  sayfa:arena :: 🇱🇻 Gunārs Lejiņš
  sayfa:arena :: 🇸🇪 Elmer Öberg
  sayfa:arena :: 🇹🇷 Oktay Çevik
  sayfa:arena :: 🇹🇷 Tolga Özcan
  sayfa:arena :: 🇹🇷 Türkçe
  sayfa:arena :: 🏛️ Durban Atmacaları from
  sayfa:bilanco :: Durban Atmacaları
  sayfa:bilanco :: Kraków Bulls — Siena Doğanları
  sayfa:bilanco :: Luanda Metropolitans — Monterrey Doğanları
  sayfa:bilanco :: Monterrey Doğanları
  sayfa:bilanco :: Siena Doğanları
  sayfa:bilanco :: Yerel Esnaf Desteği ·
  sayfa:bilanco :: 🇱🇻 Gunārs Lejiņš
  sayfa:bilanco :: 🇸🇪 Elmer Öberg
  sayfa:bilanco :: 🇹🇷 Oktay Çevik
  sayfa:bilanco :: 🇹🇷 Tolga Özcan
  sayfa:bilanco :: 🇹🇷 Türkçe
  sayfa:bilanco :: 🏛️ Durban Atmacaları from
  sayfa:bilanco :: 📣 Sponsor income — Yerel Esnaf Desteği
  sayfa:dashboard :: Durban Atmacaları
  sayfa:dashboard :: Kraków Bulls — Siena Doğanları
  sayfa:dashboard :: Luanda Metropolitans — Monterrey Doğanları
  sayfa:dashboard :: Monterrey Doğanları
  sayfa:dashboard :: Siena Doğanları
  sayfa:dashboard :: 🇹🇷 Türkçe
  sayfa:kadro :: Durban Atmacaları
  sayfa:kadro :: Kraków Bulls — Siena Doğanları
  sayfa:kadro :: Luanda Metropolitans — Monterrey Doğanları
  sayfa:kadro :: Monterrey Doğanları
  sayfa:kadro :: Siena Doğanları
  sayfa:kadro :: Yerel Esnaf Desteği ·
  sayfa:kadro :: 🇹🇷 Türkçe
  sayfa:lig :: Durban Atmacaları
  sayfa:lig :: Kraków Bulls — Siena Doğanları
  sayfa:lig :: Luanda Metropolitans — Monterrey Doğanları
  sayfa:lig :: Monterrey Doğanları
  sayfa:lig :: Siena Doğanları
  sayfa:lig :: Yerel Esnaf Desteği ·
  sayfa:lig :: 🇹🇷 Türkçe
  sayfa:mac :: Durban Atmacaları
  sayfa:mac :: Kraków Bulls — Siena Doğanları
  sayfa:mac :: Luanda Metropolitans — Monterrey Doğanları
  sayfa:mac :: Monterrey Doğanları
  sayfa:mac :: Siena Doğanları
  sayfa:mac :: Yerel Esnaf Desteği ·
  sayfa:mac :: 🇹🇷 Türkçe
  sayfa:market :: Durban Atmacaları
  sayfa:market :: Kraków Bulls — Siena Doğanları
  sayfa:market :: Luanda Metropolitans — Monterrey Doğanları
  sayfa:market :: Monterrey Doğanları
  sayfa:market :: Siena Doğanları
  sayfa:market :: Yerel Esnaf Desteği ·
  sayfa:market :: 🇱🇻 Gunārs Lejiņš
  sayfa:market :: 🇹🇷 Türkçe
  sayfa:market :: 🏛️ Durban Atmacaları from
  sayfa:takim :: Durban Atmacaları
  sayfa:takim :: Kraków Bulls — Siena Doğanları
  sayfa:takim :: Luanda Metropolitans — Monterrey Doğanları
  sayfa:takim :: Monterrey Doğanları
  sayfa:takim :: Siena Doğanları
  sayfa:takim :: Yerel Esnaf Desteği ·
  sayfa:takim :: 🇹🇷 Türkçe
  setup :: 🇹🇷 Türkçe
  tutorial :: Durban Atmacaları
  tutorial :: Kraków Bulls — Siena Doğanları
  tutorial :: Luanda Metropolitans — Monterrey Doğanları
  tutorial :: Monterrey Doğanları
  tutorial :: Siena Doğanları
  tutorial :: 🇹🇷 Türkçe
konsol hata: 0 []

── FAZ 29: İ18N KÖR NOKTA SINIFLARI ──
  A) kısmi çeviri (aynı satırda TR+EN) : 0
  B) Türkçe sayı/yüzde/sıra biçimi     : 0
  C) bozuk kelime sırası (asılı ilgeç) : 0
  D) tamamen çevrilmemiş (özel isim değil): 1
     ✗ 🇱🇻 Gunārs Lejiņš

── FAZ 29 §5: EN kutu skor sütunu ──
  ✓ tabela "Antwerp United" · maç içi tablo "Antwerp United" · özet kutu "Antwerp United" · fikstür "Antwerp United"

── FAZ 31: sözlük tutarlılığı ──
  ✓ 1857 anahtar · çakışan 0

✗ DÜŞEN: D çevrilmemiş 1
