### BASLA iz 14:37:23
### BITTI iz exit=0 14:45:31
### BASLA pas 14:45:31
### BITTI pas exit=0 14:45:31
### BASLA gecis 14:45:31
### BITTI gecis exit=0 14:45:31
### BASLA sunum 14:45:31
### BITTI sunum exit=0 15:00:34
### BASLA sahne 15:00:34
### BITTI sahne exit=1 15:03:36
### BASLA realism 15:03:36
### BITTI realism exit=0 15:04:18
### BASLA spacing 15:04:18
### BITTI spacing exit=1 15:08:20
### BASLA faz11 15:08:20
### BITTI faz11 exit=1 15:08:42
### BASLA hareket 15:08:42
### BITTI hareket exit=0 15:10:14
### BASLA arkaplan 15:10:15
### BITTI arkaplan exit=1 15:11:04
### BASLA balon 15:11:04
### BITTI balon exit=0 15:13:36
### BASLA band 15:13:36
### BITTI band exit=0 15:13:38
### BASLA measure 15:13:38
### BITTI measure exit=0 15:14:10
### BASLA i18n 15:14:10
### BITTI i18n exit=1 15:17:07
### BASLA visual 15:17:07
### BITTI visual exit=0 15:17:39
### ZINCIR TAMAM 15:17:39
