Maç izleniyor: 90 sn · izleme hızı 2× · örnekleme 25 Hz…

========================================================================
SAHA HAREKETİ — 1777 kare · 17610 hız örneği · 179 set karesi · seed=987654321
========================================================================
  ✓ ortalama oyuncu hızı (maç saati)      1.86 m/sn   hedef 1,3 - 2,1 m/sn
  ⋯ medyan oyuncu hızı (maç saati)        1.31 m/sn   (bilgi: sahne duran jetonu tam durdurur · gerçek 1,1 - 1,8 m/sn)
  ⋯ zaman: durma/yürüme (<1,67)               %60.2   (bilgi: ölü top canlandırılmaz · gerçek %35 - 60)
  ✓ zaman: hafif koşu (1,67-3,3)              %18.4   hedef %12 - 38
  ✓ zaman: koşu (3,3-7)                       %21.3   hedef %8 - 25
  ✓ zaman: sprint (>7)                         %0.1   hedef %0 - 6
  ✓ en yüksek anlık hız (maç saati)       8.02 m/sn   hedef < 9,5 m/sn
  ✓ hücum ortalama ikili mesafe              7.05 m   hedef 6,5 - 9,0 m
  ✓ savunma ortalama ikili mesafe            5.03 m   hedef 5,0 - 7,0 m
  ✓ hücum konveks kabuk alanı              45.78 m²   hedef 40 - 65 m²
  ✓ savunma konveks kabuk alanı            22.10 m²   hedef 22 - 42 m²
  ✓ en kötü kare — ikili mesafe (p5)         4.34 m   hedef > 4,0 m
  ✓ yığılma — aynı takımdan 2 oyuncu < 2 m         %4.3   hedef < %8
  ⋯ yığılma — herhangi 3 oyuncu < 2 m          %4.3   (bilgi: markaj çiftleri tasarım gereği 2 m altında · gerçek < %8)
  ✓ kademe: YÜRÜ payı                         %41.1   hedef %20 - 45
  ✓ kademe: KOŞ+SPRINT payı                   %42.8   hedef < %55
  ✓ kademe: SPRINT payı                       %11.9   hedef %5 - 20

  ZAMAN TABANI: 1 sahne saniyesi = 1.63 MAÇ saniyesi (sahne maç saatini sıkıştırır).
  Yukarıdaki hız hedefleri bu tabana göre yargılandı (gerçek: ort 1,54-1,60 · sprint > 7).
  SAHNE saniyesindeki ham değerler (yargılanmaz, karşılaştırma için):
    ortalama 3.03 · medyan 2.15 · en yüksek 13.09 m/sahne-sn · bantlar %41 / %25 / %21 / %14

  bilgi: p95 hız 8.82 m/sn · en hızlı jeton a:3 · ışınlanma/takas atlanan 0 · yetişme (F11-1) atlanan aralık 0
  kademe dağılımı: yürü %41 · jog %16 · koş %31 · sprint %12
  konsol hatası: 0
========================================================================
✓ tüm hareket hedefleri tuttu
