### BASLA kontak 16:33:13
### BITTI kontak exit=0 16:34:16
### BASLA iz 16:34:16
### BITTI iz exit=0 16:39:28
### BASLA pas 16:39:28
### BITTI pas exit=0 16:39:28
### BASLA gecis 16:39:28
### BITTI gecis exit=0 16:39:29
### BASLA sunum 16:39:29
### BITTI sunum exit=1 16:54:32
### BASLA sahne 16:54:32
### BITTI sahne exit=1 16:57:33
### BASLA realism 16:57:33
### BITTI realism exit=0 16:58:15
### BASLA faz11 16:58:15
### BITTI faz11 exit=0 16:58:37
### BASLA arkaplan 16:58:37
### BITTI arkaplan exit=1 16:59:27
### BASLA visual 16:59:27
### BITTI visual exit=0 16:59:59
### ZINCIR TAMAM 16:59:59
