### BASLA iz 20:46:06
### BITTI iz exit=0 20:54:15
### BASLA pas 20:54:15
### BITTI pas exit=0 20:54:15
### BASLA isin 20:54:15
### BITTI isin exit=0 20:54:16
### BASLA bant 20:54:16
### BITTI bant exit=1 20:54:16
### BASLA ciz 20:54:16
### BITTI ciz exit=0 20:54:18
### BASLA poz 20:54:19
### BITTI poz exit=0 20:54:21
### BASLA yavas 20:54:21
### BITTI yavas exit=0 20:57:55
### BASLA isin2 20:57:56
### BITTI isin2 exit=0 20:57:56
### BASLA sunum 20:57:56
### BITTI sunum exit=1 21:12:59
### BASLA sahne 21:12:59
### BITTI sahne exit=1 21:16:01
### BASLA realism 21:16:01
### BITTI realism exit=0 21:16:43
### BASLA spacing 21:16:43
### BITTI spacing exit=1 21:20:45
### BASLA anlatim 21:20:45
### BITTI anlatim exit=0 21:20:46
### BASLA balon 21:20:46
### BITTI balon exit=0 21:23:18
### BASLA sutcog 21:23:18
### BITTI sutcog exit=0 21:23:19
### BASLA band 21:23:19
### BITTI band exit=0 21:23:21
### BASLA measure 21:23:21
### BITTI measure exit=0 21:23:53
### BASLA simnode 21:23:53
### BITTI simnode exit=0 21:23:59
### BASLA kural 21:23:59
### BITTI kural exit=0 21:24:02
### BASLA visual 21:24:02
### BITTI visual exit=0 21:24:35
### ZINCIR TAMAM 21:24:35
