### BASLA iz 21:19:13
### BITTI iz exit=0 21:27:23
### BASLA pas 21:27:23
### BITTI pas exit=0 21:27:23
### BASLA isin 21:27:23
### BITTI isin exit=0 21:27:23
### BASLA bant 21:27:23
### BITTI bant exit=1 21:27:24
### BASLA ciz 21:27:24
### BITTI ciz exit=0 21:27:26
### BASLA poz 21:27:26
### BITTI poz exit=0 21:27:28
### BASLA sunum 21:27:28
### BITTI sunum exit=1 21:42:32
### BASLA sahne 21:42:32
### BITTI sahne exit=1 21:45:34
### BASLA realism 21:45:34
### BITTI realism exit=0 21:46:16
### BASLA spacing 21:46:16
### BITTI spacing exit=1 21:50:18
### BASLA visual 21:50:18
### BITTI visual exit=0 21:50:50
### ZINCIR TAMAM 21:50:50
