HAREKET DAĞILIMI ↔ GERÇEK — iz-f49l.json · 28158 kare · sahne→maç 1.298 · gerçek: 10 maç / 811291 kare
  ✓ oyuncu hızı (m/sn)     L1  0.241  (eşik 0.35)   ort 1.50 ↔ gerçek 1.72   maç ölçeği   n=281580
      oyun  : 0:30 0.5:11 1:14 1.5:11 2:12 2.5:6 3:11 3.5:5 4:0 4.5:0 5:0 5.5:0 6:0 6.5:0 7:0 7.5:0 8:0 8.5:0
      gerçek: 0:27 0.5:15 1:14 1.5:11 2:8 2.5:6 3:6 3.5:5 4:4 4.5:2 5:1 5.5:1 6:0 6.5:0 7:0 7.5:0 8:0 8.5:0
  ✓   ↳ DUVAR ölçeği (ekran) L1  0.271  (eşik 0.35)   ort 1.95 ↔ gerçek 1.72   kullanıcının gördüğü   n=281520
      oyun  : 0:27 0.5:8 1:10 1.5:11 2:9 2.5:11 3:5 3.5:5 4:8 4.5:6 5:0 5.5:0 6:0 6.5:0 7:0 7.5:0 8:0 8.5:0
      gerçek: 0:27 0.5:15 1:14 1.5:11 2:8 2.5:6 3:6 3.5:5 4:4 4.5:2 5:1 5.5:1 6:0 6.5:0 7:0 7.5:0 8:0 8.5:0
      duvar: 0-1 m/sn %35.4 (gerçek %41.7) · 7,5+ %0.02 (gerçek %0.25)
  ✗ yayılım x (m)          L1  0.623  (eşik 0.35)   ort 2.67 ↔ gerçek 3.636   n=17089
      oyun  : 0:0 0.5:2 1:6 1.5:12 2:28 2.5:24 3:15 3.5:5 4:3 4.5:2 5:1 5.5:0 6:0 6.5:0 7:0 7.5:0 8:0 8.5:0 9:0 9.5:0 10:0 10.5:0 11:0 11.5:0
      gerçek: 0:0 0.5:1 1:3 1.5:7 2:12 2.5:18 3:17 3.5:12 4:8 4.5:6 5:4 5.5:3 6:2 6.5:2 7:1 7.5:1 8:1 8.5:1 9:0 9.5:0 10:0 10.5:0 11:0 11.5:0
  ✗ yayılım y (m)          L1  0.549  (eşik 0.35)   ort 3.10 ↔ gerçek 3.754   n=17089
      oyun  : 0:0 0.5:1 1:5 1.5:12 2:12 2.5:18 3:14 3.5:13 4:13 4.5:9 5:2 5.5:0 6:0 6.5:0 7:0 7.5:0 8:0 8.5:0 9:0 9.5:0
      gerçek: 0:0 0.5:0 1:2 1.5:5 2:7 2.5:9 3:12 3.5:16 4:20 4.5:20 5:7 5.5:1 6:0 6.5:0 7:0 7.5:0 8:0 8.5:0 9:0 9.5:0
  ✓ savunmacı mesafesi (m) L1  0.343  (eşik 0.35)   ort 2.81 ↔ gerçek 3.144   n=17089
      oyun  : 0:0 0.25:0 0.5:11 0.75:10 1:10 1.25:9 1.5:8 1.75:9 2:5 2.25:4 2.5:3 2.75:3 3:2 3.25:2 3.5:2 3.75:2 4:2 4.25:2 4.5:2 4.75:1 5:1 5.25:1 5.5:1 5.75:12
      gerçek: 0:1 0.25:2 0.5:6 0.75:7 1:6 1.25:6 1.5:7 1.75:7 2:6 2.25:5 2.5:4 2.75:4 3:4 3.25:4 3.5:3 3.75:2 4:2 4.25:2 4.5:2 4.75:2 5:1 5.25:1 5.5:1 5.75:14
  ✗   ↳ ön sahada (m)      L1  0.478  (eşik 0.35)   ort 1.62 ↔ gerçek 2.003   n=10134
      oyun  : 0:0 0.25:0 0.5:14 0.75:14 1:14 1.25:12 1.5:11 1.75:13 2:6 2.25:4 2.5:3 2.75:4 3:2 3.25:1 3.5:1 3.75:1 4:1 4.25:1 4.5:0 4.75:0 5:0 5.25:0 5.5:0 5.75:0
      gerçek: 0:1 0.25:3 0.5:9 0.75:9 1:9 1.25:9 1.5:9 1.75:9 2:8 2.25:7 2.5:5 2.75:4 3:4 3.25:5 3.5:3 3.75:2 4:1 4.25:1 4.5:1 4.75:1 5:0 5.25:0 5.5:0 5.75:1
  ✓   ↳ arka sahada (m)    L1  0.314  (eşik 0.35)   ort 4.55 ↔ gerçek 5.065   n=6955
      oyun  : 0:0 0.5:10 1:8 1.5:7 2:8 2.5:5 3:6 3.5:6 4:8 4.5:5 5:4 5.5:4 6:3 6.5:4 7:3 7.5:3 8:3 8.5:1 9:1 9.5:1 10:1 10.5:2 11:2 11.5:4
      gerçek: 0:2 0.5:6 1:6 1.5:6 2:6 2.5:6 3:6 3.5:6 4:6 4.5:6 5:6 5.5:6 6:5 6.5:5 7:4 7.5:3 8:3 8.5:2 9:2 9.5:2 10:1 10.5:1 11:1 11.5:4
  ✗ pas / pozisyon         L1  0.645  (eşik 0.35)   ort 4.44 ↔ gerçek 3.136   n=41
      oyun  : 0:22 1:10 2:10 3:15 4:7 5:0 6:10 7:5 8:0 9:22
      gerçek: 0:13 1:16 2:19 3:16 4:12 5:8 6:6 7:3 8:2 9:3
  ✗ topu tutma süresi (sn) L1  0.823  (eşik 0.35)   ort 2.11 ↔ gerçek 1.465   n=234
      oyun  : 0:14 0.5:34 1:16 1.5:4 2:2 2.5:6 3:4 3.5:3 4:2 4.5:3 5:5 5.5:1 6:0 6.5:1 7:0 7.5:5
      gerçek: 0:49 0.5:14 1:8 1.5:6 2:5 2.5:3 3:3 3.5:2 4:2 4.5:1 5:1 5.5:1 6:1 6.5:1 7:1 7.5:3
  ✓ aynı anda koşan        L1  0.246  (eşik 0.35)   ort 3.40 ↔ gerçek 3.337   n=28158
      oyun  : 0:22 1:14 2:10 3:9 4:9 5:9 6:7 7:6 8:6 9:5 10:2
      gerçek: 0:22 1:11 2:16 3:13 4:9 5:6 6:5 7:4 8:4 9:4 10:5
  ✓ kesme / 1,5 sn         L1  0.220  (eşik 0.35)   ort 0.70 ↔ gerçek 0.797   n=333
      oyun  : 0:70 1:12 2:5 3:5 4:8 5:0
      gerçek: 0:61 1:17 2:9 3:7 4:6 5:0
  ✗ şut anında duran       L1  0.777  (eşik 0.35)   ort 2.74 ↔ gerçek 1.655   n=42
      oyun  : 0:12 1:10 2:14 3:21 4:43
      gerçek: 0:21 1:25 2:28 3:18 4:7
  ✗ potaya uzaklık (m)     L1  0.441  (eşik 0.35)   ort 11.84 ↔ gerçek 10.937   n=17089
      oyun  : 0:0 0.5:0 1:0 1.5:0 2:0 2.5:0 3:0 3.5:2 4:3 4.5:5 5:10 5.5:7 6:5 6.5:3 7:3 7.5:2 8:2 8.5:3 9:3 9.5:3 10:2 10.5:2 11:2 11.5:2 12:2 12.5:1 13:1 13.5:37
      gerçek: 0:0 0.5:0 1:0 1.5:0 2:0 2.5:0 3:0 3.5:0 4:1 4.5:3 5:6 5.5:9 6:11 6.5:10 7:7 7.5:5 8:3 8.5:2 9:2 9.5:2 10:2 10.5:2 11:1 11.5:1 12:1 12.5:1 13:1 13.5:29
  · 10 oyuncu aynı yarıda      68.9% ↔ gerçek 68.1%   (bilgi)
  ✓ topun yarısındaki oyuncu L1  0.178  (eşik 0.35)   ort 9.08 ↔ gerçek 8.576   n=28158
      oyun  : 0:0 1:0 2:1 3:1 4:3 5:2 6:2 7:3 8:8 9:11 10:69
      gerçek: 0:0 1:2 2:5 3:4 4:3 5:2 6:2 7:3 8:4 9:8 10:68
  · arka sahada tutma payı    40.7% ↔ gerçek 37.3%   (bilgi)
  · top elde oranı            60.7% ↔ gerçek 80.9%   (bilgi)
  · yarı sahayı geçen         G 80% F 20% C 0% ↔ gerçek G 79% F 14% C 6%   (bilgi)
  · çıkarılamadı: perdeSayisi, sutTipi
✗ 7 dağılım eşiğin dışında
