HAREKET DAĞILIMI ↔ GERÇEK — iz-f50d.json · 28157 kare · sahne→maç 1.240 · gerçek: 10 maç / 811291 kare
  ✓ oyuncu hızı (m/sn)     L1  0.122  (eşik 0.35)   ort 1.85 ↔ gerçek 1.72   maç ölçeği   n=281570
      oyun  : 0:27 0.5:13 1:13 1.5:10 2:9 2.5:6 3:6 3.5:7 4:3 4.5:2 5:1 5.5:1 6:0 6.5:0 7:0 7.5:0 8:0 8.5:1
      gerçek: 0:27 0.5:15 1:14 1.5:11 2:8 2.5:6 3:6 3.5:5 4:4 4.5:2 5:1 5.5:1 6:0 6.5:0 7:0 7.5:0 8:0 8.5:0
  ✓   ↳ DUVAR ölçeği (ekran) L1  0.232  (eşik 0.35)   ort 2.29 ↔ gerçek 1.72   kullanıcının gördüğü   n=281510
      oyun  : 0:24 0.5:11 1:11 1.5:10 2:8 2.5:8 3:5 3.5:5 4:6 4.5:5 5:2 5.5:1 6:1 6.5:1 7:0 7.5:0 8:0 8.5:2
      gerçek: 0:27 0.5:15 1:14 1.5:11 2:8 2.5:6 3:6 3.5:5 4:4 4.5:2 5:1 5.5:1 6:0 6.5:0 7:0 7.5:0 8:0 8.5:0
      duvar: 0-1 m/sn %35.3 (gerçek %41.7) · 7,5+ %2.56 (gerçek %0.25)
  ✓ yayılım x (m)          L1  0.350  (eşik 0.35)   ort 3.24 ↔ gerçek 3.636   n=19628
      oyun  : 0:0 0.5:1 1:4 1.5:10 2:19 2.5:23 3:15 3.5:7 4:4 4.5:4 5:3 5.5:3 6:2 6.5:1 7:1 7.5:1 8:1 8.5:0 9:1 9.5:1 10:0 10.5:0 11:0 11.5:0
      gerçek: 0:0 0.5:1 1:3 1.5:7 2:12 2.5:18 3:17 3.5:12 4:8 4.5:6 5:4 5.5:3 6:2 6.5:2 7:1 7.5:1 8:1 8.5:1 9:0 9.5:0 10:0 10.5:0 11:0 11.5:0
  ✓ yayılım y (m)          L1  0.247  (eşik 0.35)   ort 3.55 ↔ gerçek 3.754   n=19628
      oyun  : 0:0 0.5:1 1:3 1.5:4 2:8 2.5:17 3:14 3.5:13 4:17 4.5:17 5:5 5.5:1 6:0 6.5:0 7:0 7.5:0 8:0 8.5:0 9:0 9.5:0
      gerçek: 0:0 0.5:0 1:2 1.5:5 2:7 2.5:9 3:12 3.5:16 4:20 4.5:20 5:7 5.5:1 6:0 6.5:0 7:0 7.5:0 8:0 8.5:0 9:0 9.5:0
  ✓ savunmacı mesafesi (m) L1  0.288  (eşik 0.35)   ort 2.63 ↔ gerçek 3.144   n=19628
      oyun  : 0:1 0.25:1 0.5:6 0.75:10 1:8 1.25:9 1.5:10 1.75:10 2:6 2.25:6 2.5:4 2.75:3 3:2 3.25:3 3.5:3 3.75:2 4:2 4.25:2 4.5:2 4.75:1 5:1 5.25:1 5.5:1 5.75:9
      gerçek: 0:1 0.25:2 0.5:6 0.75:7 1:6 1.25:6 1.5:7 1.75:7 2:6 2.25:5 2.5:4 2.75:4 3:4 3.25:4 3.5:3 3.75:2 4:2 4.25:2 4.5:2 4.75:2 5:1 5.25:1 5.5:1 5.75:14
  ✓   ↳ ön sahada (m)      L1  0.316  (eşik 0.35)   ort 1.85 ↔ gerçek 2.003   n=13101
      oyun  : 0:1 0.25:2 0.5:8 0.75:13 1:10 1.25:11 1.5:12 1.75:13 2:6 2.25:6 2.5:3 2.75:3 3:2 3.25:2 3.5:2 3.75:1 4:1 4.25:1 4.5:1 4.75:1 5:0 5.25:0 5.5:0 5.75:1
      gerçek: 0:1 0.25:3 0.5:9 0.75:9 1:9 1.25:9 1.5:9 1.75:9 2:8 2.25:7 2.5:5 2.75:4 3:4 3.25:5 3.5:3 3.75:2 4:1 4.25:1 4.5:1 4.75:1 5:0 5.25:0 5.5:0 5.75:1
  ✗   ↳ arka sahada (m)    L1  0.456  (eşik 0.35)   ort 4.19 ↔ gerçek 5.065   n=6527
      oyun  : 0:0 0.5:7 1:10 1.5:9 2:10 2.5:8 3:8 3.5:8 4:5 4.5:4 5:4 5.5:3 6:4 6.5:3 7:2 7.5:1 8:1 8.5:1 9:1 9.5:1 10:1 10.5:1 11:1 11.5:5
      gerçek: 0:2 0.5:6 1:6 1.5:6 2:6 2.5:6 3:6 3.5:6 4:6 4.5:6 5:6 5.5:6 6:5 6.5:5 7:4 7.5:3 8:3 8.5:2 9:2 9.5:2 10:1 10.5:1 11:1 11.5:4
  ✗ pas / pozisyon         L1  0.603  (eşik 0.35)   ort 3.28 ↔ gerçek 3.136   n=39
      oyun  : 0:21 1:10 2:15 3:3 4:23 5:13 6:0 7:5 8:8 9:3
      gerçek: 0:13 1:16 2:19 3:16 4:12 5:8 6:6 7:3 8:2 9:3
  ✗ topu tutma süresi (sn) L1  0.795  (eşik 0.35)   ort 2.68 ↔ gerçek 1.465   n=178
      oyun  : 0:10 0.5:17 1:12 1.5:10 2:6 2.5:11 3:9 3.5:4 4:6 4.5:3 5:3 5.5:2 6:2 6.5:1 7:0 7.5:5
      gerçek: 0:49 0.5:14 1:8 1.5:6 2:5 2.5:3 3:3 3.5:2 4:2 4.5:1 5:1 5.5:1 6:1 6.5:1 7:1 7.5:3
  ✓ aynı anda koşan        L1  0.214  (eşik 0.35)   ort 3.72 ↔ gerçek 3.337   n=28157
      oyun  : 0:19 1:14 2:12 3:10 4:9 5:8 6:7 7:6 8:5 9:6 10:5
      gerçek: 0:22 1:11 2:16 3:13 4:9 5:6 6:5 7:4 8:4 9:4 10:5
  ✓ kesme / 1,5 sn         L1  0.080  (eşik 0.35)   ort 0.68 ↔ gerçek 0.797   n=324
      oyun  : 0:65 1:16 2:9 3:6 4:4 5:0
      gerçek: 0:61 1:17 2:9 3:7 4:6 5:0
  ✗ şut anında duran       L1  1.085  (eşik 0.35)   ort 3.08 ↔ gerçek 1.655   n=13
      oyun  : 0:0 1:23 2:8 3:8 4:62
      gerçek: 0:21 1:25 2:28 3:18 4:7
  ✓ potaya uzaklık (m)     L1  0.237  (eşik 0.35)   ort 10.47 ↔ gerçek 10.937   n=19628
      oyun  : 0:0 0.5:0 1:0 1.5:0 2:0 2.5:0 3:0 3.5:1 4:2 4.5:7 5:10 5.5:8 6:13 6.5:8 7:4 7.5:2 8:2 8.5:2 9:1 9.5:2 10:2 10.5:2 11:1 11.5:1 12:1 12.5:1 13:1 13.5:29
      gerçek: 0:0 0.5:0 1:0 1.5:0 2:0 2.5:0 3:0 3.5:0 4:1 4.5:3 5:6 5.5:9 6:11 6.5:10 7:7 7.5:5 8:3 8.5:2 9:2 9.5:2 10:2 10.5:2 11:1 11.5:1 12:1 12.5:1 13:1 13.5:29
  · 10 oyuncu aynı yarıda      70.2% ↔ gerçek 68.1%   (bilgi)
  ✓ topun yarısındaki oyuncu L1  0.145  (eşik 0.35)   ort 8.92 ↔ gerçek 8.576   n=28157
      oyun  : 0:0 1:0 2:2 3:2 4:3 5:3 6:3 7:3 8:6 9:7 10:70
      gerçek: 0:0 1:2 2:5 3:4 4:3 5:2 6:2 7:3 8:4 9:8 10:68
  · arka sahada tutma payı    33.3% ↔ gerçek 37.3%   (bilgi)
  · top elde oranı            69.8% ↔ gerçek 80.9%   (bilgi)
  · yarı sahayı geçen         G 71% F 29% C 0% ↔ gerçek G 79% F 14% C 6%   (bilgi)
  · çıkarılamadı: perdeSayisi, sutTipi
✗ 4 dağılım eşiğin dışında
