Taranıyor 600 sn ........................................................................................................................

======================================================================================
BASKETBOL ŞARTNAMESİ — 37546 kare · klip %49.6 · 45 şut · 42 pas · 48 hücum · 128 yorum
======================================================================================

✗ DÜŞEN (38)
  A2   Pota altı boş oyuncu dışarı pas atmaz     1 ihlal
        9:08 · Graham pota altı boşken dışarı pas
  A4   Kapalı şut atılmaz                        37.8%
  A9   Şut mesafesi dağılımı                     pota altı %0 · üçlük %100
  A10  Pivot üçlük yağdırmaz                     %31
  A11  Guard pota altına girer                   %0
  B1   Adam eşlemesi kurulur                     21.8%
  B2   Topu tutan savunulur                      72px ortalama
  B3   Savunma geri döner                        16.8%
  B4   Savunmacı pota tarafında                  39.5%
  B5   Savunmacı adamın üstüne oturmaz           20.3%
  B6   İki savunmacı aynı adamı tutmaz           67.3%
  B7   Hücumcu savunmasız kalmaz                 72 epizot
  B9   Ribaunt blokajı                           29%
  B10  Savunma rakip yarıya geçmez               73.3%
  B12  Savunmacılar çakışmaz                     10.8%
  C1   Perimetre boş kalmaz                      9.9%
  C2   Raket tıkanmaz                            10.8%
  C3   İki hücumcu aynı slotta durmaz            8.1%
  C5   Orta sahada yığılma olmaz                 12.4%
  C8   Köşeler kullanılır                        5%
  C10  Pivot dip bölgede                         483.2px
  D1   Rakibe pas atılmaz                        4 olay
        8:58 · Mihaylov → ? (rakip)
        6:09 · Mihaylov → ? (rakip)
        1:03 · Mihaylov → ? (rakip)
  D2   Geri saha pası atılmaz                    3 olay
        5:58 · Tremblay → Desjardins
        1:58 · Hill → Filipovski
        10:00 · Kędzierski → Núñez
  D8   Top 2sn+ sahipsiz kalmaz                  14 epizot
        9:35 · 3.4 sn
        9:03 · 4.1 sn
        7:30 · 4.1 sn
  D9   Pota dibinde sahipsiz top                 29 epizot
        10:00 · en yakın 53px
        9:41 · en yakın 97px
        8:59 · en yakın 72px
  D10  Top çevirme olur                          %15
  E3   3 saniye kuralı                           47 ihlal
        9:56 · Kaynak rakette 3.0 sn
        9:08 · Tremblay rakette 3.0 sn
        9:08 · Schmid rakette 3.0 sn
  E4   Geri saha ihlali uygulanır                3 pas düdüksüz geçti
  E9   Saha dışı oyuncu olmaz                    11 epizot
        8:04 · Silva (766,12)
        8:04 · Silva (766,15)
        8:04 · Silva (766,18)
  F1   Şut anında pota çevresi dolu              45 epizot
        10:00 · 0 oyuncu pota çevresinde
        10:00 · 0 oyuncu pota çevresinde
        10:00 · 0 oyuncu pota çevresinde
  F7   Yorumdaki ribaunt sahibi doğru            1 uyuşmazlık
        8:18 · metin Schmid · top Filipovski
  G1   Hızlı hücumda önde koşan var              3 uyuşmazlık
        9:08 · ⚡ Hızlı hücum! Filipovski içeri dalıp da
        2:59 · ⚡ Hızlı hücum! Savunma toparlanamadı, ön
        2:58 · ⚡ Hızlı hücum! Savunma toparlanamadı, ön
  G2   Hücum süresi gerçekçi                     12.3 sn
  H1   Sayı sonrası taç dip çizgiden             2 ihlal
        2:23 · dip çizgiden 700px
        8:08 · dip çizgiden 639px
  J1   Oyuncu hızı insani                        41 ihlal
        10:00 · Tremblay 473px/sn
        10:00 · Cabrera 600px/sn
        10:00 · Mihaylov 580px/sn
  J4   Oyuncular iç içe geçmez                   1.7%
  K5   Anlatım susmaz                            376 ihlal
        9:26 · 13.9 sn sessizlik
        9:26 · 13.9 sn sessizlik
        9:26 · 13.9 sn sessizlik
  K7   Jetonlar tek jeton gibi görünmez          46.8%

✓ GEÇEN (19)
  A1   Pota altı boş oyuncu şut atar             0 ihlal
  A3   Üçlükte boş oyuncu atar                   2 ihlal
  A6   Turnike/smaç mesafesi ≤100px              0 uyuşmazlık (K2 ile aynı)
  C4   Hücumcular arası mesafe                   108.2px
  C6   Saha genişliği kullanılır                 249px
  C7   Saha derinliği kullanılır                 223.4px
  C9   Kesme hareketi olur                       87 kez
  C11  Kurucu top çevresinde                     120.6px
  D3   Pas uçuş süresi ≥0,25sn                   1 ihlal
  D4   Pas kavisi var                            %0 düz
  D5   Top taşıyıcıdan kopmaz                    0.1%
  D6   Top ışınlanmaz                            0 olay
  D7   Sürme yapılır                             0 ihlal
  H6   Hava atışı orta yuvarlakta                0 ihlal
  J2   Oyuncu ışınlanmaz                         0 ihlal
  K2   Yorumdaki şut tipi mesafeye uyar          0 ihlal
  K3   Yorumdaki skor doğru                      0 ihlal
  K6   Etiketler okunur                          0.4%
  K8   Hakemler saha kenarında                   0%

? ÖLÇÜLEMEDİ (39)
  A5   Şut saati baskısında şut                  ÖLÇÜLEMEDİ — şut saati durumu okunamıyor
  A7   Üçlük şut mesafesi ≥195px                 ÖLÇÜLEMEDİ — şut tipi etiketi state'te yok
  A8   Orta mesafe şut                           ÖLÇÜLEMEDİ — şut tipi etiketi state'te yok
  A12  Şut tekeli                                ÖLÇÜLEMEDİ — hücum sınırları güvenilir ayrılamıyor
  B8   Yardım savunması                          ÖLÇÜLEMEDİ — yardım olayı state'te işaretlenmiyor
  B11  Pres tutarlılığı                          ÖLÇÜLEMEDİ — pres durumu state'te yok
  B13  Top çalma mesafesi                        ÖLÇÜLEMEDİ — steal olayı state'te işaretlenmiyor
  B14  Blok mesafesi                             ÖLÇÜLEMEDİ — blok olayı state'te işaretlenmiyor
  C12  Taç sonrası dizilim                       ÖLÇÜLEMEDİ — taç bitiş anı güvenilir yakalanamıyor
  D11  Asist–sayı oranı                          ÖLÇÜLEMEDİ — asist sayacı state'te yok
  E1   24 saniye kuralı                          ÖLÇÜLEMEDİ — şut saati state'te yok
  E2   8 saniye kuralı                           ÖLÇÜLEMEDİ — ön saha geçiş süresi izlenmiyor
  E5   Adım (traveling)                          ÖLÇÜLEMEDİ — sürme kesintisi state'te yok
  E6   Çift sürme tutarlılığı                    ÖLÇÜLEMEDİ — sürme durumu state'te yok
  E7   5 faul → oyun dışı                        ÖLÇÜLEMEDİ — faul sayacı oyuncu state'inde yok
  E8   Takım faulü → serbest atış                ÖLÇÜLEMEDİ — takım faul sayacı yok
  E10  Top saha dışı → taç                       ÖLÇÜLEMEDİ — taç tetikleyicisi izlenmiyor
  F2   Ribaunt mesafeden alınır                  ÖLÇÜLEMEDİ — ribaunt olayı state'te işaretlenmiyor
  F3   Uzunlar ribaunt alır                      ÖLÇÜLEMEDİ — ribaunt sahibi state'te yok
  F4   Hücum/savunma ribaunt oranı               ÖLÇÜLEMEDİ — ribaunt tipi state'te yok
  F5   Ribaunt sonrası geçiş                     ÖLÇÜLEMEDİ — ribaunt anı yakalanamıyor
  F6   Ribaunt sayısı gerçekçi                   ÖLÇÜLEMEDİ — kutu skor okunmalı — ayrı iş
  G3   Geçişte savunma geri koşar                ÖLÇÜLEMEDİ — geçiş fazı ayrı izlenmiyor
  G4   Sayı sonrası geçiş yavaşlar               ÖLÇÜLEMEDİ — hücum sınırları güvenilir değil
  G5   Hızlı hücum sayısı                        ÖLÇÜLEMEDİ — hızlı hücum etiketi state'te yok
  G6   Geçişte top önde                          ÖLÇÜLEMEDİ — geçiş fazı ayrı izlenmiyor
  H2   Yan çizgi tacı                            ÖLÇÜLEMEDİ — taç tipi state'te yok
  H3   Sokan oyuncu saha dışında                 ÖLÇÜLEMEDİ — ayrı ölçüm gerekli
  H4   Taç 5 saniyede tamamlanır                 ÖLÇÜLEMEDİ — taç süresi izlenmiyor
  H5   Taç sonrası dizilim                       ÖLÇÜLEMEDİ — C12 ile aynı — ölçülemedi
  I1   Atıcı serbest atış çizgisinde             ÖLÇÜLEMEDİ — serbest atış fazı state'te yok
  I2   Diğerleri raket kenarında                 ÖLÇÜLEMEDİ — serbest atış fazı yok
  I3   Atış öncesi raket boş                     ÖLÇÜLEMEDİ — serbest atış fazı yok
  I4   Serbest atış yüzdesi                      ÖLÇÜLEMEDİ — kutu skor okunmalı — ayrı iş
  I5   Faul–atış eşleşmesi                       ÖLÇÜLEMEDİ — faul state'i yok
  J3   İvmelenme gerçekçi                        ÖLÇÜLEMEDİ — ayrı ölçüm gerekli
  J5   Yorulma hıza yansır                       veri yok
  K1   Yorumdaki isim sahada                     ÖLÇÜLEMEDİ — ayrıştırma gürültülü — güvenilir değil
  K4   Yorum gecikmesi                           ÖLÇÜLEMEDİ — yorum saati ile sahne saati eşlenemedi

======================================================================================
SONUÇ: 38 düştü · 19 geçti · 39 ölçülemedi (toplam 96)
KARAR: başlık bazında düzeltme
======================================================================================
Ham rapor: C:\Users\ida\AppData\Local\Temp\f80head\tools\sartname-rapor.json
