
==============================================================================
İZ ÖLÇÜMÜ — f46-oam2 · 16681 kare · 300 sn · 58 pozisyon · seed=987654321 · rate=1
==============================================================================
  sahne→maç sıkıştırma      1 duvar sn = 1.709 maç sn

  ── TOP ──                            ölçülen           hedef
  en yüksek hız (100 ms)                22.8 m/sn    ≤ 22
  en yüksek kare sıçraması              38.6 m/sn    ≤ 25
  ışınlanma (>25 m/sn) olayı        19 (0.33/poz)    0
     ışınlanma modları           {"pass":17,"shot":2}
  pas olayı / 8-20 m/sn platosu         80 / 1619    korunmalı

  ── OYUNCU ── (MAÇ ölçeği = sahne / 1.709)
  ortalama hız              maç   1.83 m/sn    1,8 – 2,6   [sahne 3.12]
  medyan / p90 / p99        maç 1.38 / 4.42 / 5.88                [sahne 2.36 / 7.55 / 10.05]
  en yüksek                 maç   9.33 m/sn    ≤ 8,5       [sahne 15.95]
  > 7,5 m/sn (maç) oranı                 0%    ≤ 1%
  > 6,5 m/sn (maç) oranı               0.1%    ≤ 5%
  < 0,5 m/sn — OLU TOP HARIC                13.8%    <= 12%      [n=117950]
  canli top ortalama hizi   maç   1.97 m/sn    1,8 - 2,6
     donma kovaları: SAV/set/yerinde/u0/loose %21.3 · HUC/set/yerinde/u0/loose %6.6 · SAV/gecis/yerinde/u0/held %4.5 · HUC/top/set/yerinde/u0/held %4.1 · HUC/set/yerinde/u0/held %3.8 · SAV/set/yerinde/u0/held %3.8 · HUC/set/yerinde/u0/shot %3.8 · SAV/gecis/uzak/u2/held %3.5 · HUC/top/gecis/yerinde/u0/held %3.1 · HUC/set/yerinde/u0/pass %2.5
  < 0,5 m/sn (maç) oranı                23%    ≤ 12%       [sahne 18.9%]

  ── YOL EĞRİLİĞİ ──
  ortalama dönüş açısı (0,25 sn)            15.4°    (n=6342)
  > 150° yön terslemesi (0,1 sn)      0.053/sn    <= 0,15/sn  [n=160]
  terslemelerin medyan adımı            0.03 m    >= 0,5 m
  > 90° keskin dönüş                79 (1.36/poz)    ≤ 2/poz
  tam sahayı düz geçen jeton                    3    0
     düz geçenler: 55.933s HUC/C foul→foul y478→116 | 47.942s SAV/PF free→score2 y334→453 | 107.796s SAV/PF miss3→miss3 y349→450
     ışınlanmalar: 12.141s pass/score3 26 m/sn | 19.652s pass/miss3 28.1 m/sn | 43.523s pass/free 38.6 m/sn | 65.789s pass/foul 35.4 m/sn | 103.312s pass/miss3 27.5 m/sn | 103.395s pass/miss3 33.6 m/sn | 118.535s pass/score2 28.9 m/sn | 150.699s pass/miss2 30.3 m/sn | 214.314s pass/miss3 36.7 m/sn | 217.318s pass/miss2 28.8 m/sn | 224.107s pass/score2 38.3 m/sn | 254.974s pass/score3 37.9 m/sn | 263.137s pass/score2 37.8 m/sn | 270.996s pass/miss2 32.7 m/sn | 271.99s pass/miss2 31.9 m/sn | 279.262s pass/reb 27.5 m/sn | 282.617s shot/miss2 27.6 m/sn | 293.416s shot/score3 29.2 m/sn | 299.208s pass/miss3 25.3 m/sn

  ── FAZ 42-B: A4 · B · D · E ──
  saha dışı oyuncu (_oob hariç)           0% kare    0    [maks 0 px · -]
  sahipsiz top karesi                       1.76%    ≤ 2%   [tip: miss2:103 · score2:64 · miss3:52 · reb:29 · mod: loose:294 · takip var/yok 146/148]
  hücumcu ikili < 2 m (set, perde hariç)    7.26%    ≤ 5%   [set karesi 3514 · foul:95 · score2:95 · miss3:21]
  set hücumunda arka sahada hücumcu    2.22% kare    0      [ort 1.06 oyuncu · miss2:78 · kim: SF/u2:78 · SG/u2:5]
  gizli sekme karesi                            0    (C — 0 beklenir, kayıt ön planda)
  anlatım dili (oyun: tr)        TR 60 · EN 0    EN = 0
  öznesiz sonuç satırı                     0 / 38    0
  nokta + küçük harf (balon)               0 / 60    0

  ── FAZ 43: İŞ 1 · İŞ 2 · İŞ 4 · İŞ 8 ──
  çember çıkışı (shot/rim → yer)               35    [doğrudan held/pass: 0 · pasla ele: 0 · ele geçmeyen: 0]
     çıkış→ele en kısa süre              0.73 sn    ≥ 0,6 sn (her vaka)
     alanın çıkış anı mesafesi            8.25 m    ≤ 2,5 m (her vaka)
     İHLAL: 13.113s rim→loose score3 ele=1.03s 3.63m HUC/SF | 44.812s rim→loose free ele=0.73s 2.9m HUC/C | 85.693s rim→loose score2 ele=0.83s 3.13m HUC/PF | 105.19s shot→loose miss3 ele=4.01s 5.03m SAV/PG | 131.996s shot→loose miss2 ele=2.94s 8.25m SAV/PF | 201.86s rim→loose score2 ele=2.02s 3.13m HUC/SG | 220.12s rim→loose miss2 ele=2.95s 5.99m HUC/C | 272.612s shot→loose miss2 ele=2.78s 7.94m HUC/SF | 282.815s rim→loose miss2 ele=1.77s 4.7m HUC/C
  pas > 15,9 m oranı                    0% (0/80)    ≤ 4%   [sokma pası 18 · en uzun sokma 10.6 m]
  pas > 20 m                                    0    ≤ 1 / maç
  sahipsiz epizot                     16 (5.3 sn)    1 sn üstü = 0   [miss2/loose:2.4s · score2/loose:1.1s · miss3/loose:0.9s · free/loose:0.4s · score3/loose:0.4s]
     1 sn ÜSTÜ: 220.707s 1.09sn miss2/loose
  yarı sahayı topla geçen PG/SG/SF    81% (21/26)    ≥ 90%   {"PG":11,"SG":9,"PF":5,"SF":1}
     PF/C geçişleri: 136.177s PF tutma=1.24s steal | 156.672s PF tutma=1.68s reb | 246.311s PF tutma=1.02s score2 | 262.495s PF tutma=1.64s score2 | 297.301s PF tutma=1.08s miss3

  ── FAZ 44: HAVA ATIŞI · SOKMA YERLEŞİMİ ──
  hava atışı: top idle süresi             0.15 sn    ≤ 0,3 sn   [toss t=0.15]
     toss→tap / toss→kazanma      0.79 / 1.57 sn    kazanma 1,5–2,5 sn
     top tepe yüksekliği                  5.06 m    ≥ 2 m
     toss anında çemberde                      2    = 2 (iki takım)   [EV/C@0.68m · DEP/PG@0.68m]
     saha dengesi (toss / en çok)        5-5 / 5    ≤ 8 tek yarıda   [en kalabalık t=0.04]
     ✓ hava atışı kapıları
  sokma epizodu (top çizgi dışı)     22 · ihlal 0    her epizot: takım arkadaşı(15 m) ≥ 3 · karşı yarı ≤ 4 · ilk pas ≤ 14 m
     ortalama: yakın takım arkadaşı 3.64 · yakın herkes 6.86/9 · karşı yarıda 2.09/9
     ✓ t=5.554s foul HUC/PG süre=0.57s yakın=4(min 4, herkes 9) karşı=0 ilkPas=7.9 m → pass
     ✓ t=15.421s miss3 HUC/SF süre=0.57s yakın=4(min 4, herkes 7) karşı=2 ilkPas=7.9 m → pass
     ✓ t=28.626s score2 HUC/SF süre=0.6s yakın=4(min 4, herkes 7) karşı=2 ilkPas=6.7 m → pass
     ✓ t=35.05s free HUC/PF süre=0.57s yakın=3(min 3, herkes 6) karşı=3 ilkPas=9.4 m → held
     ✓ t=55.246s foul HUC/C süre=0.52s yakın=4(min 4, herkes 7) karşı=2 ilkPas=4.6 m → held
     ✓ t=56.308s foul HUC/C süre=0.54s yakın=3(min 3, herkes 6) karşı=2 ilkPas=4.6 m → pass
     ✓ t=66.765s foul HUC/SF süre=0.76s yakın=4(min 4, herkes 7) karşı=2 ilkPas=4.6 m → pass
     ✓ t=79.58s score2 HUC/C süre=3.88s yakın=3(min 3, herkes 6) karşı=3 ilkPas=10.1 m → pass
     ✓ t=87.792s score2 HUC/PF süre=0.71s yakın=4(min 4, herkes 7) karşı=2 ilkPas=6.1 m → pass
     ✓ t=100.957s miss3 HUC/PF süre=2.3s yakın=3(min 3, herkes 6) karşı=3 ilkPas=6.6 m → pass
     ✓ t=121.877s miss3 HUC/SG süre=0.54s yakın=4(min 4, herkes 7) karşı=2 ilkPas=6.5 m → pass
     ✓ t=146.726s hucumFaulu HUC/PF süre=0.5s yakın=4(min 4, herkes 9) karşı=0 ilkPas=7.2 m → pass
     ✓ t=170.481s free HUC/PF süre=2.23s yakın=3(min 3, herkes 6) karşı=3 ilkPas=9.3 m → held
     ✓ t=184.225s score2 HUC/PF süre=2.45s yakın=3(min 3, herkes 6) karşı=3 ilkPas=6.5 m → pass
     ✓ t=193.724s steal HUC/SF süre=3.83s yakın=4(min 4, herkes 8) karşı=1 ilkPas=- → loose
     ✓ t=205.857s steal HUC/SG süre=1.38s yakın=3(min 3, herkes 7) karşı=2 ilkPas=- → loose
     ✓ t=227.849s foul HUC/C süre=0.53s yakın=4(min 4, herkes 6) karşı=3 ilkPas=5.3 m → pass
     ✓ t=244.811s score2 HUC/PF süre=0.64s yakın=4(min 4, herkes 7) karşı=2 ilkPas=7.1 m → pass
     ✓ t=252.236s score3 HUC/SG süre=0.66s yakın=4(min 4, herkes 7) karşı=2 ilkPas=1.6 m → pass
     ✓ t=260.507s score2 HUC/PF süre=1.86s yakın=4(min 4, herkes 7) karşı=2 ilkPas=1.8 m → pass
     ✓ t=268.692s miss2 HUC/PG süre=2.08s yakın=3(min 3, herkes 6) karşı=3 ilkPas=10.6 m → pass
     ✓ t=295.828s miss3 HUC/PF süre=0.61s yakın=4(min 4, herkes 7) karşı=2 ilkPas=6.2 m → pass

  konsol hatası: 0
  iz: olcum\iz-f46-oam2.json
