
==============================================================================
İZ ÖLÇÜMÜ — f44-sokma2 · 26449 kare · 470 sn · 81 pozisyon · seed=987654321 · rate=1
==============================================================================
  sahne→maç sıkıştırma      1 duvar sn = 1.507 maç sn

  ── TOP ──                            ölçülen           hedef
  en yüksek hız (100 ms)                  21 m/sn    ≤ 22
  en yüksek kare sıçraması              25.4 m/sn    ≤ 25
  ışınlanma (>25 m/sn) olayı         1 (0.01/poz)    0
     ışınlanma modları           {"held":1}
  pas olayı / 8-20 m/sn platosu        107 / 2048    korunmalı

  ── OYUNCU ── (MAÇ ölçeği = sahne / 1.507)
  ortalama hız              maç   1.93 m/sn    1,8 – 2,6   [sahne 2.91]
  medyan / p90 / p99        maç 1.35 / 4.79 / 6.36                [sahne 2.03 / 7.23 / 9.58]
  en yüksek                 maç   9.77 m/sn    ≤ 8,5       [sahne 14.72]
  > 7,5 m/sn (maç) oranı                 0%    ≤ 1%
  > 6,5 m/sn (maç) oranı               0.9%    ≤ 5%
  < 0,5 m/sn — OLU TOP HARIC                  13%    <= 12%      [n=211550]
  canli top ortalama hizi   maç   2.09 m/sn    1,8 - 2,6
     donma kovaları: HUC/set/yerinde/u0/held %11.4 · SAV/set/yerinde/u1/held %6.3 · SAV/set/yerinde/u2/held %6.2 · HUC/top/set/yerinde/u0/held %6.1 · SAV/gecis/uzak/u2/held %4.3 · SAV/gecis/yerinde/u0/held %4.0 · SAV/set/uzak/u2/held %3.9 · HUC/set/uzak/u1/held %3.4 · SAV/set/uzak/u1/held %3.4 · HUC/top/gecis/yerinde/u0/held %3.1
  < 0,5 m/sn (maç) oranı              21.7%    ≤ 12%       [sahne 18%]

  ── YOL EĞRİLİĞİ ──
  ortalama dönüş açısı (0,25 sn)            16.5°    (n=8888)
  > 150° yön terslemesi (0,1 sn)      0.082/sn    <= 0,15/sn  [n=384]
  terslemelerin medyan adımı            0.03 m    >= 0,5 m
  > 90° keskin dönüş               149 (1.84/poz)    ≤ 2/poz
  tam sahayı düz geçen jeton                    7    0
     düz geçenler: 207.586s HUC/PF score2→score2 y290→94 | 255.481s HUC/PF foul→steal y236→254 | 119.788s HUC/PF miss3→miss3 y191→50 | 127.766s SAV/PF miss3→miss3 y42→89 | 103.822s HUC/PG score2→score2 y245→53 | 39.95s HUC/PF score2→free y298→314 | 127.766s HUC/PF miss3→miss3 y58→50
     ışınlanmalar: 153.239s held/miss2 25.4 m/sn

  ── FAZ 42-B: A4 · B · D · E ──
  saha dışı oyuncu (_oob hariç)           0% kare    0    [maks 0 px · -]
  sahipsiz top karesi                       1.53%    ≤ 2%   [tip: free:229 · reb:55 · foul:48 · miss2:47 · mod: loose:361 · held:44 · takip var/yok 354/51]
  hücumcu ikili < 2 m (set, perde hariç)    2.55%    ≤ 5%   [set karesi 9227 · score2:101 · score3:78 · foul:28]
  set hücumunda arka sahada hücumcu       0% kare    0      [ort 0 oyuncu ·  · kim: ]
  gizli sekme karesi                            0    (C — 0 beklenir, kayıt ön planda)
  anlatım dili (oyun: tr)        TR 83 · EN 0    EN = 0
  öznesiz sonuç satırı                     0 / 50    0
  nokta + küçük harf (balon)               0 / 83    0

  ── FAZ 43: İŞ 1 · İŞ 2 · İŞ 4 · İŞ 8 ──
  çember çıkışı (shot/rim → yer)               48    [doğrudan held/pass: 0 · pasla ele: 3 · ele geçmeyen: 0]
     çıkış→ele en kısa süre              0.39 sn    ≥ 0,6 sn (her vaka)
     alanın çıkış anı mesafesi            9.06 m    ≤ 2,5 m (her vaka)
     İHLAL: 23.689s rim→loose miss3 ele=0.7s 3.05m HUC/PF | 40.234s rim→loose score2 ele=3.45s 9.06m SAV/PG | 47.771s rim→loose free ele=2.56s(PAS) 9m HUC/PG | 62.254s rim→loose score2 ele=2.43s 5.17m HUC/PF | 76.498s rim→loose score2 ele=2.13s 6.56m HUC/SG | 126.413s shot→loose miss3 ele=1.35s(PAS) 3.48m SAV/PG | 134.413s rim→loose reb ele=2.32s 5.8m HUC/PG | 248.027s rim→loose reb ele=2.49s 6.61m HUC/C | 253.105s rim→loose score2 ele=2.43s 5.37m HUC/PF | 309.119s shot→loose miss2 ele=2.7s 5.62m HUC/PF | 315.96s rim→loose miss2 ele=2.52s 2.65m HUC/C | 336.816s rim→loose miss3 ele=2.75s 6.8m HUC/SF | 385.598s rim→loose miss2 ele=0.39s(PAS)   | 411.956s rim→loose ihlal24 ele=1.42s 6.48m HUC/SG | 449.058s rim→loose miss3 ele=1.55s 6.87m HUC/SF
  pas > 15,9 m oranı                   0% (0/107)    ≤ 4%   [sokma pası 27 · en uzun sokma 11.3 m]
  pas > 20 m                                    0    ≤ 1 / maç
  sahipsiz epizot                     14 (7.2 sn)    1 sn üstü = 0   [free/loose:4.1s · miss3/loose:0.9s · foul/loose:0.9s · miss2/held:0.8s · score2/loose:0.2s]
     1 sn ÜSTÜ: 41.656s 1.72sn free/loose/takip | 47.789s 2.09sn free/loose/takip
  yarı sahayı topla geçen PG/SG/SF    91% (30/33)    ≥ 90%   {"PG":17,"SG":10,"SF":3,"PF":3}
     PF/C geçişleri: 273.206s PF tutma=0.53s score2 | 293.146s PF tutma=1.64s score2 | 331.401s PF tutma=1.12s miss3

  ── FAZ 44: HAVA ATIŞI · SOKMA YERLEŞİMİ ──
  hava atışı: top idle süresi             0.16 sn    ≤ 0,3 sn   [toss t=0.16]
     toss→tap / toss→kazanma      0.79 / 1.57 sn    kazanma 1,5–2,5 sn
     top tepe yüksekliği                  5.06 m    ≥ 2 m
     toss anında çemberde                      2    = 2 (iki takım)   [EV/C@0.68m · DEP/PG@0.68m]
     saha dengesi (toss / en çok)        5-5 / 5    ≤ 8 tek yarıda   [en kalabalık t=0.039]
     ✓ hava atışı kapıları
  sokma epizodu (top çizgi dışı)      8 · ihlal 0    her epizot: takım arkadaşı(15 m) ≥ 3 · karşı yarı ≤ 4 · ilk pas ≤ 14 m
     ortalama: yakın takım arkadaşı 3.38 · yakın herkes 6.63/9 · karşı yarıda 2.25/9
     ✓ t=94.049s score2 HUC/C süre=2.99s yakın=4(min 4, herkes 7) karşı=2 ilkPas=7.5 m → pass
     ✓ t=119.452s miss3 HUC/PF süre=2.45s yakın=3(min 3, herkes 6) karşı=3 ilkPas=6.1 m → pass
     ✓ t=193.573s free HUC/PF süre=2.27s yakın=3(min 3, herkes 6) karşı=3 ilkPas=11.1 m → held
     ✓ t=207.532s score2 HUC/PF süre=2.68s yakın=3(min 3, herkes 6) karşı=3 ilkPas=6.1 m → pass
     ✓ t=391.154s quarter_start HUC/SG süre=0.92s yakın=3(min 3, herkes 8) karşı=0 ilkPas=5.1 m → pass
     ✓ t=404.003s score2 HUC/SF süre=1.39s yakın=4(min 4, herkes 7) karşı=2 ilkPas=5.8 m → pass
     ✓ t=434.029s miss2 HUC/PF süre=2.51s yakın=3(min 3, herkes 6) karşı=3 ilkPas=5.9 m → pass
     ✓ t=466.455s miss2 HUC/SF süre=3.38s yakın=4(min 4, herkes 7) karşı=2 ilkPas=6.2 m → pass

  konsol hatası: 0
  iz: olcum\iz-f44-sokma2.json
EXIT=0
